{
  "elapsedSeconds" : 7.3279759883880615,
  "generatedTokens" : 64,
  "generationInfo" : {
    "generateTime" : 3.5773720741271973,
    "generationTokenCount" : 64,
    "promptTime" : 3.3985379934310913,
    "promptTokenCount" : 2727,
    "promptTokensPerSecond" : 802.4038587389394,
    "tokensPerSecond" : 17.890227427801072
  },
  "output" : "It seems like you've provided a series of repetitions of the same statement about the development of large language models and the advancements in attention mechanisms. This repetition is likely a result of a typo or a formatting issue. Let's focus on the core message and the advancements in attention mechanisms that are being discussed.\n\n### Key Advancements in Attention",
  "outputCharacters" : 374,
  "promptCharacters" : 18737,
  "promptTokens" : 2727
}

{
  "elapsedSeconds" : 7.374150037765503,
  "generatedTokens" : 64,
  "generationInfo" : {
    "generateTime" : 3.60417103767395,
    "generationTokenCount" : 64,
    "promptTime" : 3.411436080932617,
    "promptTokenCount" : 2727,
    "promptTokensPerSecond" : 799.3700996603442,
    "tokensPerSecond" : 17.757203898210154
  },
  "output" : "It seems like you've provided a series of repetitions of the same statement about the development of large language models and the advancements in attention mechanisms. This repetition is likely a result of a typo or a formatting issue. Let's focus on the core message and the advancements in attention mechanisms that are being discussed.\n\n### Key Advancements in Attention",
  "outputCharacters" : 374,
  "promptCharacters" : 18737,
  "promptTokens" : 2727
}

{
  "elapsedSeconds" : 7.287168979644775,
  "generatedTokens" : 64,
  "generationInfo" : {
    "generateTime" : 3.524817943572998,
    "generationTokenCount" : 64,
    "promptTime" : 3.401306986808777,
    "promptTokenCount" : 2727,
    "promptTokensPerSecond" : 801.7506242676922,
    "tokensPerSecond" : 18.156966125497306
  },
  "output" : "It seems like you've provided a series of repetitions of the same statement about the development of large language models and the advancements in attention mechanisms. This repetition is likely a result of a typo or a formatting issue. Let's focus on the core message and the advancements in attention mechanisms that are being discussed.\n\n### Key Advancements in Attention",
  "outputCharacters" : 374,
  "promptCharacters" : 18737,
  "promptTokens" : 2727
}

{
  "elapsedSeconds" : 7.353338003158569,
  "generatedTokens" : 64,
  "generationInfo" : {
    "generateTime" : 3.577049970626831,
    "generationTokenCount" : 64,
    "promptTime" : 3.423303008079529,
    "promptTokenCount" : 2727,
    "promptTokensPerSecond" : 796.5990721720674,
    "tokensPerSecond" : 17.891838393519798
  },
  "output" : "It seems like you've provided a series of repetitions of the same statement about the development of large language models and the advancements in attention mechanisms. This repetition is likely a result of a typo or a formatting issue. Let's focus on the core message and the advancements in attention mechanisms that are being discussed.\n\n### Key Advancements in Attention",
  "outputCharacters" : 374,
  "promptCharacters" : 18737,
  "promptTokens" : 2727
}

{
  "elapsedSeconds" : 7.406000971794128,
  "generatedTokens" : 64,
  "generationInfo" : {
    "generateTime" : 3.6254230737686157,
    "generationTokenCount" : 64,
    "promptTime" : 3.4016499519348145,
    "promptTokenCount" : 2727,
    "promptTokensPerSecond" : 801.6697892294643,
    "tokensPerSecond" : 17.653112118987043
  },
  "output" : "It seems like you've provided a series of repetitions of the same statement about the development of large language models and the advancements in attention mechanisms. This repetition is likely a result of a typo or a formatting issue. Let's focus on the core message and the advancements in attention mechanisms that are being discussed.\n\n### Key Advancements in Attention",
  "outputCharacters" : 374,
  "promptCharacters" : 18737,
  "promptTokens" : 2727
}

{
  "elapsedSeconds" : 7.32342803478241,
  "generatedTokens" : 64,
  "generationInfo" : {
    "generateTime" : 3.560776948928833,
    "generationTokenCount" : 64,
    "promptTime" : 3.412637948989868,
    "promptTokenCount" : 2727,
    "promptTokensPerSecond" : 799.0885762748975,
    "tokensPerSecond" : 17.97360545688006
  },
  "output" : "It seems like you've provided a series of repetitions of the same statement about the development of large language models and the advancements in attention mechanisms. This repetition is likely a result of a typo or a formatting issue. Let's focus on the core message and the advancements in attention mechanisms that are being discussed.\n\n### Key Advancements in Attention",
  "outputCharacters" : 374,
  "promptCharacters" : 18737,
  "promptTokens" : 2727
}
