{
  "elapsedSeconds" : 7.285941958427429,
  "generatedTokens" : 64,
  "generationInfo" : {
    "generateTime" : 3.5552200078964233,
    "generationTokenCount" : 64,
    "promptTime" : 3.371848940849304,
    "promptTokenCount" : 2727,
    "promptTokensPerSecond" : 808.755091891252,
    "tokensPerSecond" : 18.001698870351472
  },
  "output" : "It seems like you've provided a series of repetitions of the same statement about the development of large language models and the advancements in attention mechanisms. This repetition is likely a result of a typo or a formatting issue. Let's focus on the core message and the advancements in attention mechanisms that are being discussed.\n\n### Key Advancements in Attention",
  "outputCharacters" : 374,
  "promptCharacters" : 18737,
  "promptTokens" : 2727
}

{
  "elapsedSeconds" : 7.287348031997681,
  "generatedTokens" : 64,
  "generationInfo" : {
    "generateTime" : 3.54891300201416,
    "generationTokenCount" : 64,
    "promptTime" : 3.3829249143600464,
    "promptTokenCount" : 2727,
    "promptTokensPerSecond" : 806.1071614165197,
    "tokensPerSecond" : 18.03369086919777
  },
  "output" : "It seems like you've provided a series of repetitions of the same statement about the development of large language models and the advancements in attention mechanisms. This repetition is likely a result of a typo or a formatting issue. Let's focus on the core message and the advancements in attention mechanisms that are being discussed.\n\n### Key Advancements in Attention",
  "outputCharacters" : 374,
  "promptCharacters" : 18737,
  "promptTokens" : 2727
}

{
  "elapsedSeconds" : 7.368550062179565,
  "generatedTokens" : 64,
  "generationInfo" : {
    "generateTime" : 3.6443060636520386,
    "generationTokenCount" : 64,
    "promptTime" : 3.3856719732284546,
    "promptTokenCount" : 2727,
    "promptTokensPerSecond" : 805.4531040110278,
    "tokensPerSecond" : 17.561642431279278
  },
  "output" : "It seems like you've provided a series of repetitions of the same statement about the development of large language models and the advancements in attention mechanisms. This repetition is likely a result of a typo or a formatting issue. Let's focus on the core message and the advancements in attention mechanisms that are being discussed.\n\n### Key Advancements in Attention",
  "outputCharacters" : 374,
  "promptCharacters" : 18737,
  "promptTokens" : 2727
}

{
  "elapsedSeconds" : 7.2501060962677,
  "generatedTokens" : 64,
  "generationInfo" : {
    "generateTime" : 3.5256470441818237,
    "generationTokenCount" : 64,
    "promptTime" : 3.3744049072265625,
    "promptTokenCount" : 2727,
    "promptTokensPerSecond" : 808.142494743268,
    "tokensPerSecond" : 18.152696284676477
  },
  "output" : "It seems like you've provided a series of repetitions of the same statement about the development of large language models and the advancements in attention mechanisms. This repetition is likely a result of a typo or a formatting issue. Let's focus on the core message and the advancements in attention mechanisms that are being discussed.\n\n### Key Advancements in Attention",
  "outputCharacters" : 374,
  "promptCharacters" : 18737,
  "promptTokens" : 2727
}

{
  "elapsedSeconds" : 7.245941996574402,
  "generatedTokens" : 64,
  "generationInfo" : {
    "generateTime" : 3.5479120016098022,
    "generationTokenCount" : 64,
    "promptTime" : 3.3612101078033447,
    "promptTokenCount" : 2727,
    "promptTokensPerSecond" : 811.3149468606648,
    "tokensPerSecond" : 18.038778856679965
  },
  "output" : "It seems like you've provided a series of repetitions of the same statement about the development of large language models and the advancements in attention mechanisms. This repetition is likely a result of a typo or a formatting issue. Let's focus on the core message and the advancements in attention mechanisms that are being discussed.\n\n### Key Advancements in Attention",
  "outputCharacters" : 374,
  "promptCharacters" : 18737,
  "promptTokens" : 2727
}

{
  "elapsedSeconds" : 7.203111052513123,
  "generatedTokens" : 64,
  "generationInfo" : {
    "generateTime" : 3.5174039602279663,
    "generationTokenCount" : 64,
    "promptTime" : 3.3416860103607178,
    "promptTokenCount" : 2727,
    "promptTokensPerSecond" : 816.0551265274725,
    "tokensPerSecond" : 18.1952373749679
  },
  "output" : "It seems like you've provided a series of repetitions of the same statement about the development of large language models and the advancements in attention mechanisms. This repetition is likely a result of a typo or a formatting issue. Let's focus on the core message and the advancements in attention mechanisms that are being discussed.\n\n### Key Advancements in Attention",
  "outputCharacters" : 374,
  "promptCharacters" : 18737,
  "promptTokens" : 2727
}
